<html>
<body>
<pre>
<h1>µVision Build Log</h1>
<h2>Project:</h2>
C:\Users\emy\Desktop\STM32F407_for_testboard\proj\test.uvproj
Project File Date:  07/14/2017

<h2>Output:</h2>
Load "C:\\Users\\emy\\Desktop\\STM32F407_for_testboard\\proj\\output\\test.axf" 
Erase Done.
Programming Done.
Verify OK.
Build target 'Target 1'
compiling wm8731.c...
linking...
Program Size: Code=23196 RO-data=2212 RW-data=84 ZI-data=18076  
FromELF: creating hex file...
".\output\test.axf" - 0 Errors, 0 Warning(s).
Load "C:\\Users\\emy\\Desktop\\STM32F407_for_testboard\\proj\\output\\test.axf" 
Erase Done.
Programming Done.
Verify OK.
Build target 'Target 1'
linking...
Program Size: Code=23196 RO-data=2212 RW-data=84 ZI-data=18076  
FromELF: creating hex file...
".\output\test.axf" - 0 Errors, 0 Warning(s).
Load "C:\\Users\\emy\\Desktop\\STM32F407_for_testboard\\proj\\output\\test.axf" 
Erase Done.
Programming Done.
Verify OK.
Build target 'Target 1'
linking...
Program Size: Code=23196 RO-data=2212 RW-data=84 ZI-data=18076  
FromELF: creating hex file...
".\output\test.axf" - 0 Errors, 0 Warning(s).
Load "C:\\Users\\emy\\Desktop\\STM32F407_for_testboard\\proj\\output\\test.axf" 
Erase Done.
Programming Done.
Verify OK.
