<html>
<body>
<pre>
<h1>µVision Build Log</h1>
<h2>Project:</h2>
D:\project\stm32\Demo_self\STM32F407\STM32F407_for_testboard\proj\test.uvproj
Project File Date:  07/02/2017

<h2>Output:</h2>
Rebuild target 'Target 1'
assembling startup_stm32f4xx.s...
compiling main.c...
C:\Keil\ARM\Inc\ST\STM32F4xx\stm32f4xx.h(80): error:  #35: #error directive: "Please select first the target STM32F4xx device used in your application (in stm32f4xx.h file)"
compiling stm32f4xx_it.c...
C:\Keil\ARM\Inc\ST\STM32F4xx\stm32f4xx.h(80): error:  #35: #error directive: "Please select first the target STM32F4xx device used in your application (in stm32f4xx.h file)"
compiling system_stm32f4xx.c...
C:\Keil\ARM\Inc\ST\STM32F4xx\stm32f4xx.h(80): error:  #35: #error directive: "Please select first the target STM32F4xx device used in your application (in stm32f4xx.h file)"
compiling myconfig.c...
C:\Keil\ARM\Inc\ST\STM32F4xx\stm32f4xx.h(80): error:  #35: #error directive: "Please select first the target STM32F4xx device used in your application (in stm32f4xx.h file)"
compiling led.c...
C:\Keil\ARM\Inc\ST\STM32F4xx\stm32f4xx.h(80): error:  #35: #error directive: "Please select first the target STM32F4xx device used in your application (in stm32f4xx.h file)"
compiling key.c...
C:\Keil\ARM\Inc\ST\STM32F4xx\stm32f4xx.h(80): error:  #35: #error directive: "Please select first the target STM32F4xx device used in your application (in stm32f4xx.h file)"
compiling delay.c...
C:\Keil\ARM\Inc\ST\STM32F4xx\stm32f4xx.h(80): error:  #35: #error directive: "Please select first the target STM32F4xx device used in your application (in stm32f4xx.h file)"
compiling timer.c...
C:\Keil\ARM\Inc\ST\STM32F4xx\stm32f4xx.h(80): error:  #35: #error directive: "Please select first the target STM32F4xx device used in your application (in stm32f4xx.h file)"
compiling usart.c...
C:\Keil\ARM\Inc\ST\STM32F4xx\stm32f4xx.h(80): error:  #35: #error directive: "Please select first the target STM32F4xx device used in your application (in stm32f4xx.h file)"
compiling wm8731.c...
C:\Keil\ARM\Inc\ST\STM32F4xx\stm32f4xx.h(80): error:  #35: #error directive: "Please select first the target STM32F4xx device used in your application (in stm32f4xx.h file)"
compiling wavplay.c...
C:\Keil\ARM\Inc\ST\STM32F4xx\stm32f4xx.h(80): error:  #35: #error directive: "Please select first the target STM32F4xx device used in your application (in stm32f4xx.h file)"
compiling sdio_sd.c...
C:\Keil\ARM\Inc\ST\STM32F4xx\stm32f4xx.h(80): error:  #35: #error directive: "Please select first the target STM32F4xx device used in your application (in stm32f4xx.h file)"
compiling misc.c...
C:\Keil\ARM\Inc\ST\STM32F4xx\stm32f4xx.h(80): error:  #35: #error directive: "Please select first the target STM32F4xx device used in your application (in stm32f4xx.h file)"
compiling stm32f4xx_gpio.c...
C:\Keil\ARM\Inc\ST\STM32F4xx\stm32f4xx.h(80): error:  #35: #error directive: "Please select first the target STM32F4xx device used in your application (in stm32f4xx.h file)"
compiling stm32f4xx_tim.c...
C:\Keil\ARM\Inc\ST\STM32F4xx\stm32f4xx.h(80): error:  #35: #error directive: "Please select first the target STM32F4xx device used in your application (in stm32f4xx.h file)"
compiling stm32f4xx_rcc.c...
C:\Keil\ARM\Inc\ST\STM32F4xx\stm32f4xx.h(80): error:  #35: #error directive: "Please select first the target STM32F4xx device used in your application (in stm32f4xx.h file)"
compiling stm32f4xx_exti.c...
C:\Keil\ARM\Inc\ST\STM32F4xx\stm32f4xx.h(80): error:  #35: #error directive: "Please select first the target STM32F4xx device used in your application (in stm32f4xx.h file)"
compiling stm32f4xx_syscfg.c...
C:\Keil\ARM\Inc\ST\STM32F4xx\stm32f4xx.h(80): error:  #35: #error directive: "Please select first the target STM32F4xx device used in your application (in stm32f4xx.h file)"
compiling stm32f4xx_usart.c...
C:\Keil\ARM\Inc\ST\STM32F4xx\stm32f4xx.h(80): error:  #35: #error directive: "Please select first the target STM32F4xx device used in your application (in stm32f4xx.h file)"
compiling stm32f4xx_dma.c...
C:\Keil\ARM\Inc\ST\STM32F4xx\stm32f4xx.h(80): error:  #35: #error directive: "Please select first the target STM32F4xx device used in your application (in stm32f4xx.h file)"
compiling stm32f4xx_spi.c...
C:\Keil\ARM\Inc\ST\STM32F4xx\stm32f4xx.h(80): error:  #35: #error directive: "Please select first the target STM32F4xx device used in your application (in stm32f4xx.h file)"
compiling stm32f4xx_sdio.c...
C:\Keil\ARM\Inc\ST\STM32F4xx\stm32f4xx.h(80): error:  #35: #error directive: "Please select first the target STM32F4xx device used in your application (in stm32f4xx.h file)"
compiling readline.c...
compiling diskio.c...
C:\Keil\ARM\Inc\ST\STM32F4xx\stm32f4xx.h(80): error:  #35: #error directive: "Please select first the target STM32F4xx device used in your application (in stm32f4xx.h file)"
compiling ff.c...
".\output\test.axf" - 23 Errors, 0 Warning(s).
Target not created
Rebuild target 'Target 1'
assembling startup_stm32f4xx.s...
compiling main.c...
compiling stm32f4xx_it.c...
compiling system_stm32f4xx.c...
compiling myconfig.c...
compiling led.c...
compiling key.c...
compiling delay.c...
compiling timer.c...
compiling usart.c...
compiling wm8731.c...
compiling wavplay.c...
compiling sdio_sd.c...
compiling misc.c...
compiling stm32f4xx_gpio.c...
compiling stm32f4xx_tim.c...
compiling stm32f4xx_rcc.c...
compiling stm32f4xx_exti.c...
compiling stm32f4xx_syscfg.c...
compiling stm32f4xx_usart.c...
compiling stm32f4xx_dma.c...
compiling stm32f4xx_spi.c...
compiling stm32f4xx_sdio.c...
compiling readline.c...
compiling diskio.c...
compiling ff.c...
linking...
Program Size: Code=16642 RO-data=466 RW-data=72 ZI-data=4512  
FromELF: creating hex file...
".\output\test.axf" - 0 Errors, 0 Warning(s).
Build target 'Target 1'
compiling main.c...
compiling stm32f4xx_it.c...
compiling system_stm32f4xx.c...
compiling myconfig.c...
compiling led.c...
compiling key.c...
compiling delay.c...
compiling timer.c...
compiling usart.c...
compiling wm8731.c...
compiling wavplay.c...
compiling sdio_sd.c...
compiling misc.c...
compiling stm32f4xx_gpio.c...
compiling stm32f4xx_tim.c...
compiling stm32f4xx_rcc.c...
compiling stm32f4xx_exti.c...
compiling stm32f4xx_syscfg.c...
compiling stm32f4xx_usart.c...
compiling stm32f4xx_dma.c...
compiling stm32f4xx_spi.c...
compiling stm32f4xx_sdio.c...
compiling readline.c...
compiling diskio.c...
compiling ff.c...
linking...
Program Size: Code=16674 RO-data=466 RW-data=72 ZI-data=4512  
FromELF: creating hex file...
".\output\test.axf" - 0 Errors, 0 Warning(s).
Build target 'Target 1'
compiling wm8731.c...
compiling wavplay.c...
compiling stm32f4xx_spi.c...
linking...
Program Size: Code=16686 RO-data=466 RW-data=72 ZI-data=4512  
FromELF: creating hex file...
".\output\test.axf" - 0 Errors, 0 Warning(s).
Load "D:\\project\\stm32\\Demo_self\\STM32F407\\STM32F407_for_testboard\\proj\\output\\test.axf" 
Load "D:\\project\\stm32\\Demo_self\\STM32F407\\STM32F407_for_testboard\\proj\\output\\test.axf" 
Load "D:\\project\\stm32\\Demo_self\\STM32F407\\STM32F407_for_testboard\\proj\\output\\test.axf" 
Erase Done.
Programming Done.
Verify OK.
Build target 'Target 1'
compiling wm8731.c...
linking...
Program Size: Code=16686 RO-data=466 RW-data=72 ZI-data=4512  
FromELF: creating hex file...
".\output\test.axf" - 0 Errors, 0 Warning(s).
Load "D:\\project\\stm32\\Demo_self\\STM32F407\\STM32F407_for_testboard\\proj\\output\\test.axf" 
Erase Done.
Programming Done.
Verify OK.
